
> react-kavia@0.1.0 start
> react-scripts start

(node:310) [DEP_WEBPACK_DEV_SERVER_ON_AFTER_SETUP_MIDDLEWARE] DeprecationWarning: 'onAfterSetupMiddleware' option is deprecated. Please use the 'setupMiddlewares' option.
(Use `node --trace-deprecation ...` to show where the warning was created)
(node:310) [DEP_WEBPACK_DEV_SERVER_ON_BEFORE_SETUP_MIDDLEWARE] DeprecationWarning: 'onBeforeSetupMiddleware' option is deprecated. Please use the 'setupMiddlewares' option.
Starting the development server...

Compiled successfully!

You can now view react-kavia in the browser.

  Local:            http://localhost:3000
  On Your Network:  http://172.17.0.2:3000

Note that the development build is not optimized.
To create a production build, use npm run build.

webpack compiled successfully
Compiling...
Failed to compile.

Module not found: Error: Can't resolve './Dashboard' in '/home/kavia/workspace/code-generation/petcareplanner-27008-2381431b/petcare_scheduler/src'
ERROR in ./src/App.js 9:0-36
Module not found: Error: Can't resolve './Dashboard' in '/home/kavia/workspace/code-generation/petcareplanner-27008-2381431b/petcare_scheduler/src'

webpack compiled with 1 error
Compiling...
Compiled with warnings.

[eslint] 
src/Dashboard.js
  Line 57:6:  React Hook useMemo has a missing dependency: 'todayDate'. Either include it or remove the dependency array  react-hooks/exhaustive-deps

Search for the keywords to learn more about each warning.
To ignore, add // eslint-disable-next-line to the line before.

WARNING in [eslint] 
src/Dashboard.js
  Line 57:6:  React Hook useMemo has a missing dependency: 'todayDate'. Either include it or remove the dependency array  react-hooks/exhaustive-deps

webpack compiled with 1 warning
